mode: set
DevicesServ\test\CreateDevice\main.go:22.13,27.2 2 1
DevicesServ\test\CreateDevice\main.go:30.66,34.34 3 1
DevicesServ\test\CreateDevice\main.go:38.2,38.43 1 1
DevicesServ\test\CreateDevice\main.go:42.2,42.36 1 1
DevicesServ\test\CreateDevice\main.go:46.2,46.36 1 1
DevicesServ\test\CreateDevice\main.go:50.2,50.38 1 1
DevicesServ\test\CreateDevice\main.go:56.2,56.18 1 1
DevicesServ\test\CreateDevice\main.go:60.2,60.12 1 1
DevicesServ\test\CreateDevice\main.go:34.34,37.3 2 1
DevicesServ\test\CreateDevice\main.go:38.43,41.3 2 1
DevicesServ\test\CreateDevice\main.go:42.36,45.3 2 1
DevicesServ\test\CreateDevice\main.go:46.36,49.3 2 1
DevicesServ\test\CreateDevice\main.go:50.38,53.3 2 1
DevicesServ\test\CreateDevice\main.go:56.18,58.3 1 1
DevicesServ\test\CreateDevice\main.go:64.69,72.2 1 1
DevicesServ\test\CreateDevice\main.go:75.56,86.16 6 1
DevicesServ\test\CreateDevice\main.go:91.2,97.16 3 1
DevicesServ\test\CreateDevice\main.go:101.2,101.12 1 1
DevicesServ\test\CreateDevice\main.go:86.16,88.3 1 0
DevicesServ\test\CreateDevice\main.go:97.16,99.3 1 0
DevicesServ\test\CreateDevice\main.go:105.87,108.73 2 1
DevicesServ\test\CreateDevice\main.go:113.2,114.16 2 1
DevicesServ\test\CreateDevice\main.go:119.2,122.55 2 1
DevicesServ\test\CreateDevice\main.go:127.2,128.16 2 1
DevicesServ\test\CreateDevice\main.go:132.2,136.8 1 1
DevicesServ\test\CreateDevice\main.go:108.73,110.3 1 1
DevicesServ\test\CreateDevice\main.go:114.16,116.3 1 1
DevicesServ\test\CreateDevice\main.go:122.55,124.3 1 0
DevicesServ\test\CreateDevice\main.go:128.16,130.3 1 0
DevicesServ\test\CreateDevice\main.go:139.13,141.2 1 0
